swapped: portfolio_ecommerce.order_items now at s3://tp-portfolio-ecommerce-raw/warehouse/portfolio_ecommerce.db/order_items/metadata/00001-946625bc-468e-4814-91a6-5f644543f69e.metadata.json
{
  "before": {
    "table": "portfolio_ecommerce.order_items",
    "row_count": 502,
    "content_hash": "-88810742526432703250",
    "current_snapshot_id": "8110184911818429070",
    "snapshot_count": 1,
    "snapshots": [
      {
        "snapshot_id": "8110184911818429070",
        "parent_id": null,
        "operation": "append",
        "committed_at": "2026-09-26 13:45:09.733"
      }
    ],
    "oldest_snapshot_row_count": 502,
    "metadata_location": "s3://tp-portfolio-ecommerce-raw/warehouse/portfolio_ecommerce.db/fact_order_items/metadata/00001-946625bc-468e-4814-91a6-5f644543f69e.metadata.json",
    "glue_location": "s3://tp-portfolio-ecommerce-raw/warehouse/portfolio_ecommerce.db/fact_order_items"
  },
  "after": {
    "table": "portfolio_ecommerce.order_items",
    "row_count": 502,
    "content_hash": "-88810742526432703250",
    "current_snapshot_id": "8110184911818429070",
    "snapshot_count": 1,
    "snapshots": [
      {
        "snapshot_id": "8110184911818429070",
        "parent_id": null,
        "operation": "append",
        "committed_at": "2026-09-26 13:45:09.733"
      }
    ],
    "oldest_snapshot_row_count": 502,
    "metadata_location": "s3://tp-portfolio-ecommerce-raw/warehouse/portfolio_ecommerce.db/order_items/metadata/00001-946625bc-468e-4814-91a6-5f644543f69e.metadata.json",
    "glue_location": "s3://tp-portfolio-ecommerce-raw/warehouse/portfolio_ecommerce.db/order_items"
  }
}
